// Jest Snapshot v1, https://goo.gl/fbAQLP

exports[`ReactProgressMeter snapshot renders 1`] = `
<div
  className="chart showProgress"
  style={
    Object {
      "width": "100%",
    }
  }
>
  <div
    className="bar bar-45 lime"
  >
    <div
      className="face top"
    >
      <div
        className="growing-bar"
      />
    </div>
    <div
      className="face side-0"
    >
      <div
        className="growing-bar"
      />
    </div>
    <div
      className="face floor"
    >
      <div
        className="growing-bar"
      >
        
      </div>
    </div>
    <div
      className="face side-a"
    />
    <div
      className="face side-b"
    />
    <div
      className="face side-1"
    >
      <div
        className="growing-bar"
      />
    </div>
  </div>
</div>
`;
